[10:49:34] TB Pledge section 53 — 41 videos by date, 14990.7 MB (14.64 GB)
[10:49:34] [1/41] 2025-01-04 10:45 | SCP VID_20250104_104524.mp4 (1547.1 MB) sort=1001
[10:52:10] [1/41] SCP done in 2.6 min — attaching...
[10:52:47] Attached media id=168 sort=1001 path=page_sections/videos/tb2025_6ab4b399cb6f73.57676548_VID_20250104_104524.mp4 size=1622291916
DONE videos=39
[10:52:47] [1/41] COMPLETE — overall 10%
[10:52:47] [2/41] 2025-01-18 10:13 | SCP VID_20250118_101329.mp4 (1283.1 MB) sort=1002
[10:54:58] [2/41] SCP done in 2.2 min — attaching...
[10:55:37] Attached media id=169 sort=1002 path=page_sections/videos/tb2025_6ab4b445a97d66.92472973_VID_20250118_101329.mp4 size=1345441104
DONE videos=40
[10:55:37] [2/41] COMPLETE — overall 19%
[10:55:37] [3/41] 2025-01-27 11:09 | SCP VID_20250127_110948.mp4 (1306.7 MB) sort=1003
[10:57:54] [3/41] SCP done in 2.3 min — attaching...
[10:58:24] Attached media id=170 sort=1003 path=page_sections/videos/tb2025_6ab4b4edb6ee70.85919025_VID_20250127_110948.mp4 size=1370215811
DONE videos=41
[10:58:24] [3/41] COMPLETE — overall 28%
[10:58:24] [4/41] 2025-02-01 00:00 | SCP 01.02.2025.mp4 (948.4 MB) sort=1004
[11:00:17] [4/41] SCP done in 1.9 min — attaching...
[11:01:06] Attached media id=171 sort=1004 path=page_sections/videos/tb2025_6ab4b587342875.17024770_01.02.2025.mp4 size=994491366
DONE videos=42
[11:01:06] [4/41] COMPLETE — overall 34%
[11:01:06] [5/41] 2025-02-03 00:00 | SCP 03.02.2025.mp4 (616.2 MB) sort=1005
[11:02:21] [5/41] SCP done in 1.2 min — attaching...
[11:02:57] Attached media id=172 sort=1005 path=page_sections/videos/tb2025_6ab4b600e98ca5.82304892_03.02.2025.mp4 size=646113163
DONE videos=43
[11:02:57] [5/41] COMPLETE — overall 38%
[11:02:57] [6/41] 2025-02-08 00:00 | SCP 08.02.2025.mp4 (2918.9 MB) sort=1006
[11:08:17] [6/41] SCP done in 5.3 min — attaching...
[11:08:56] Attached media id=174 sort=1006 path=page_sections/videos/tb2025_6ab4b75a32b1e3.16932072_08.02.2025.mp4 size=3060656882
DONE videos=44
[11:08:56] [6/41] COMPLETE — overall 58%
[11:08:56] [7/41] 2025-02-15 00:00 | SCP 15.02.2025.mp4 (598.9 MB) sort=1007
[11:10:09] [7/41] SCP done in 1.2 min — attaching...
[11:10:37] Attached media id=175 sort=1007 path=page_sections/videos/tb2025_6ab4b7d014e8b0.60388227_15.02.2025.mp4 size=628027911
DONE videos=45
[11:10:37] [7/41] COMPLETE — overall 62%
[11:10:37] [8/41] 2025-02-22 00:00 | SCP 22.02.2025.mp4 (1711.9 MB) sort=1008
[11:13:38] [8/41] SCP done in 3.0 min — attaching...
[11:14:10] Attached media id=179 sort=1008 path=page_sections/videos/tb2025_6ab4b89b00edc8.41407322_22.02.2025.mp4 size=1795109111
DONE videos=46
[11:14:10] [8/41] COMPLETE — overall 73%
[11:14:10] [9/41] 2025-03-24 00:00 | SCP 24_03_2025_Awareness_Video_1.mp4 (106.5 MB) sort=1009
[11:14:28] [9/41] SCP done in 0.3 min — attaching...
[11:14:42] Attached media id=180 sort=1009 path=page_sections/videos/tb2025_6ab4b8cc139361.88301480_24_03_2025_Awareness_Video_1.mp4 size=111630506
DONE videos=47
[11:14:42] [9/41] COMPLETE — overall 74%
[11:14:42] [10/41] 2025-03-24 00:00 | SCP 24_03_2025_Awareness_Video_2.mp4 (2531.9 MB) sort=1010
[11:19:51] [10/41] SCP done in 5.2 min — attaching...
[11:20:50] Attached media id=184 sort=1010 path=page_sections/videos/tb2025_6ab4ba153af7a1.46844734_24_03_2025_Awareness_Video_2.mp4 size=2654850180
DONE videos=48
[11:20:50] [10/41] COMPLETE — overall 91%
[11:20:50] [11/41] 2025-05-13 14:57 | SCP 20250513_145730.mp4 (83.0 MB) sort=1011
[11:21:09] [11/41] SCP done in 0.3 min — attaching...
[11:21:35] Attached media id=185 sort=1011 path=page_sections/videos/tb2025_6ab4ba67c49400.48507967_20250513_145730.mp4 size=87021224
DONE videos=49
[11:21:35] [11/41] COMPLETE — overall 91%
[11:21:35] [12/41] 2025-09-30 11:18 | SCP 1.(b) 20250930_111818.mp4 (600.7 MB) sort=1012
[11:22:45] [12/41] SCP done in 1.2 min — attaching...
[11:23:13] Attached media id=186 sort=1012 path=page_sections/videos/tb2025_6ab4bac4127be4.10399767_1._b_20250930_111818.mp4 size=629831972
DONE videos=50
[11:23:13] [12/41] COMPLETE — overall 95%
[11:23:13] [13/41] 2025-09-30 11:34 | SCP 20250930_113401.mp4 (12.0 MB) sort=1013
[11:23:25] [13/41] SCP done in 0.2 min — attaching...
[11:23:42] Attached media id=187 sort=1013 path=page_sections/videos/tb2025_6ab4bae90231d5.07059991_20250930_113401.mp4 size=12543471
DONE videos=51
[11:23:42] [13/41] COMPLETE — overall 95%
[11:23:42] [14/41] 2025-09-30 11:34 | SCP 1.(a)_20250930_113410.mp4 (55.4 MB) sort=1014
[11:23:56] [14/41] SCP done in 0.2 min — attaching...
[11:24:19] Attached media id=188 sort=1014 path=page_sections/videos/tb2025_6ab4bb0ce02280.94099771_1._a__20250930_113410.mp4 size=58096911
DONE videos=52
[11:24:19] [14/41] COMPLETE — overall 96%
[11:24:19] [15/41] 2025-09-30 11:42 | SCP 2. 20250930_114215.mp4 (104.6 MB) sort=1015
[11:24:39] [15/41] SCP done in 0.3 min — attaching...
[11:24:55] Attached media id=189 sort=1015 path=page_sections/videos/tb2025_6ab4bb31669819.35143409_2._20250930_114215.mp4 size=109654105
DONE videos=53
[11:24:55] [15/41] COMPLETE — overall 96%
[11:24:55] [16/41] 2025-09-30 11:43 | SCP 3. 20250930_114325.mp4 (5.4 MB) sort=1016
[11:25:11] [16/41] SCP done in 0.3 min — attaching...
[11:25:35] Attached media id=190 sort=1016 path=page_sections/videos/tb2025_6ab4bb5943d430.83150690_3._20250930_114325.mp4 size=5702201
DONE videos=54
[11:25:35] [16/41] COMPLETE — overall 96%
[11:25:35] [17/41] 2025-09-30 11:47 | SCP 4. 20250930_114753.mp4 (191.0 MB) sort=1017
[11:26:05] [17/41] SCP done in 0.5 min — attaching...
[11:26:33] Attached media id=192 sort=1017 path=page_sections/videos/tb2025_6ab4bb8f918fb0.08021206_4._20250930_114753.mp4 size=200302104
DONE videos=55
[11:26:33] [17/41] COMPLETE — overall 98%
[11:26:33] [18/41] 2025-09-30 11:51 | SCP 5. 20250930_115106.mp4 (159.0 MB) sort=1018
[11:26:59] [18/41] SCP done in 0.4 min — attaching...
[11:27:17] Attached media id=193 sort=1018 path=page_sections/videos/tb2025_6ab4bbbd640420.00036441_5._20250930_115106.mp4 size=166746781
DONE videos=56
[11:27:17] [18/41] COMPLETE — overall 99%
[11:27:17] [19/41] 2025-09-30 11:59 | SCP 7. 20250930_115955.mp4 (40.8 MB) sort=1019
[11:27:30] [19/41] SCP done in 0.2 min — attaching...
[11:27:45] Attached media id=194 sort=1019 path=page_sections/videos/tb2025_6ab4bbdb36b8a7.05047652_7._20250930_115955.mp4 size=42744952
DONE videos=57
[11:27:45] [19/41] COMPLETE — overall 99%
[11:27:45] [20/41] 2025-09-30 12:01 | SCP 6. 20250930_120118.mp4 (97.3 MB) sort=1020
[11:28:03] [20/41] SCP done in 0.3 min — attaching...
[11:28:19] Attached media id=195 sort=1020 path=page_sections/videos/tb2025_6ab4bbfc6d1432.19712919_6._20250930_120118.mp4 size=102055772
DONE videos=58
[11:28:19] [20/41] COMPLETE — overall 100%
[11:28:19] [21/41] 2025-09-30 12:12 | SCP 20250930_121234.mp4 (5.3 MB) sort=1021
[11:28:28] [21/41] SCP done in 0.2 min — attaching...
[11:28:42] Attached media id=196 sort=1021 path=page_sections/videos/tb2025_6ab4bc148cb261.72682476_20250930_121234.mp4 size=5522671
DONE videos=59
[11:28:42] [21/41] COMPLETE — overall 100%
[11:28:42] [22/41] 2025-10-02 00:00 | SCP 10. WhatsApp Video 2025-10-02 at 20.07.45.mp4 (2.1 MB) sort=1022
[11:28:51] [22/41] SCP done in 0.1 min — attaching...
[11:29:05] Attached media id=197 sort=1022 path=page_sections/videos/tb2025_6ab4bc2b76dc70.94355975_10._WhatsApp_Video_2025-10-02_at_20.07.45.mp4 size=2208947
DONE videos=60
[11:29:05] [22/41] COMPLETE — overall 100%
[11:29:05] [23/41] 2025-10-02 00:00 | SCP 11. WhatsApp Video 2025-10-02 at 20.07.46.mp4 (2.4 MB) sort=1023
[11:29:13] [23/41] SCP done in 0.1 min — attaching...
[11:29:27] Attached media id=198 sort=1023 path=page_sections/videos/tb2025_6ab4bc42424ca7.80007102_11._WhatsApp_Video_2025-10-02_at_20.07.46.mp4 size=2474873
DONE videos=61
[11:29:27] [23/41] COMPLETE — overall 100%
[11:29:27] [24/41] 2025-10-02 00:00 | SCP 12. WhatsApp Video 2025-10-02 at 20.07.46.mp4 (5.9 MB) sort=1024
[11:29:36] [24/41] SCP done in 0.1 min — attaching...
[11:29:51] Attached media id=200 sort=1024 path=page_sections/videos/tb2025_6ab4bc596b4c69.21714837_12._WhatsApp_Video_2025-10-02_at_20.07.46.mp4 size=6216154
DONE videos=62
[11:29:51] [24/41] COMPLETE — overall 100%
[11:29:51] [25/41] 2025-10-02 00:00 | SCP 13. WhatsApp Video 2025-10-02 at 20.07.47.mp4 (6.2 MB) sort=1025
[11:30:01] [25/41] SCP done in 0.2 min — attaching...
[11:30:29] Attached media id=201 sort=1025 path=page_sections/videos/tb2025_6ab4bc8020d944.34265857_13._WhatsApp_Video_2025-10-02_at_20.07.47.mp4 size=6521738
DONE videos=63
[11:30:29] [25/41] COMPLETE — overall 100%
[11:30:29] [26/41] 2025-10-02 00:00 | SCP 14. WhatsApp Video 2025-10-02 at 20.07.47.mp4 (6.5 MB) sort=1026
[11:30:40] [26/41] SCP done in 0.2 min — attaching...
[11:31:09] Attached media id=202 sort=1026 path=page_sections/videos/tb2025_6ab4bca76d3c17.37039304_14._WhatsApp_Video_2025-10-02_at_20.07.47.mp4 size=6834880
DONE videos=64
[11:31:09] [26/41] COMPLETE — overall 100%
[11:31:09] [27/41] 2025-10-02 00:00 | SCP 15. WhatsApp Video 2025-10-02 at 20.07.50.mp4 (1.4 MB) sort=1027
[11:31:28] [27/41] SCP done in 0.3 min — attaching...
[11:31:52] Attached media id=203 sort=1027 path=page_sections/videos/tb2025_6ab4bcd2bb6f38.71049277_15._WhatsApp_Video_2025-10-02_at_20.07.50.mp4 size=1466820
DONE videos=65
[11:31:52] [27/41] COMPLETE — overall 100%
[11:31:52] [28/41] 2025-10-02 00:00 | SCP 16. WhatsApp Video 2025-10-02 at 20.07.51.mp4 (2.7 MB) sort=1028
[11:32:05] [28/41] SCP done in 0.2 min — attaching...
[11:32:28] Attached media id=204 sort=1028 path=page_sections/videos/tb2025_6ab4bcf6a097c2.53597282_16._WhatsApp_Video_2025-10-02_at_20.07.51.mp4 size=2876500
DONE videos=66
[11:32:28] [28/41] COMPLETE — overall 100%
[11:32:28] [29/41] 2025-10-02 00:00 | SCP 17.WhatsApp Video 2025-10-02 at 20.07.51.mp4 (1.5 MB) sort=1029
[11:32:40] [29/41] SCP done in 0.2 min — attaching...
[11:33:04] Attached media id=205 sort=1029 path=page_sections/videos/tb2025_6ab4bd1ac88ac2.58027773_17.WhatsApp_Video_2025-10-02_at_20.07.51.mp4 size=1590387
DONE videos=67
[11:33:04] [29/41] COMPLETE — overall 100%
[11:33:04] [30/41] 2025-10-02 00:00 | SCP 18. WhatsApp Video 2025-10-02 at 20.07.52.mp4 (4.4 MB) sort=1030
[11:33:17] [30/41] SCP done in 0.2 min — attaching...
[11:33:47] Attached media id=206 sort=1030 path=page_sections/videos/tb2025_6ab4bd45bb7b54.61667886_18._WhatsApp_Video_2025-10-02_at_20.07.52.mp4 size=4659252
DONE videos=68
[11:33:47] [30/41] COMPLETE — overall 100%
[11:33:47] [31/41] 2025-10-02 00:00 | SCP 19. WhatsApp Video 2025-10-02 at 20.08.02.mp4 (6.8 MB) sort=1031
[11:34:03] [31/41] SCP done in 0.3 min — attaching...
[11:34:22] Attached media id=207 sort=1031 path=page_sections/videos/tb2025_6ab4bd68928c91.40110853_19._WhatsApp_Video_2025-10-02_at_20.08.02.mp4 size=7123893
DONE videos=69
[11:34:22] [31/41] COMPLETE — overall 100%
[11:34:22] [32/41] 2025-10-02 00:00 | SCP 20. WhatsApp Video 2025-10-02 at 20.08.02.mp4 (2.0 MB) sort=1032
[11:34:31] [32/41] SCP done in 0.2 min — attaching...
[11:34:46] Attached media id=208 sort=1032 path=page_sections/videos/tb2025_6ab4bd8143ba75.79062044_20._WhatsApp_Video_2025-10-02_at_20.08.02.mp4 size=2146229
DONE videos=70
[11:34:46] [32/41] COMPLETE — overall 100%
[11:34:46] [33/41] 2025-10-02 00:00 | SCP 8. WhatsApp Video 2025-10-02 at 20.07.41.mp4 (2.2 MB) sort=1033
[11:34:55] [33/41] SCP done in 0.1 min — attaching...
[11:35:21] Attached media id=209 sort=1033 path=page_sections/videos/tb2025_6ab4bda3c5f079.97233529_8._WhatsApp_Video_2025-10-02_at_20.07.41.mp4 size=2343726
DONE videos=71
[11:35:21] [33/41] COMPLETE — overall 100%
[11:35:21] [34/41] 2025-10-02 00:00 | SCP 9. WhatsApp Video 2025-10-02 at 20.07.45.mp4 (2.3 MB) sort=1034
[11:35:32] [34/41] SCP done in 0.2 min — attaching...
[11:35:55] Attached media id=210 sort=1034 path=page_sections/videos/tb2025_6ab4bdc5e189f8.74951472_9._WhatsApp_Video_2025-10-02_at_20.07.45.mp4 size=2418264
DONE videos=72
[11:35:55] [34/41] COMPLETE — overall 100%
[11:35:55] [35/41] 2025-10-02 00:00 | SCP V-10_WhatsApp Video 2025-10-02 at 20.07.45.mp4 (2.3 MB) sort=1035
[11:36:10] [35/41] SCP done in 0.2 min — attaching...
[11:36:35] Attached media id=211 sort=1035 path=page_sections/videos/tb2025_6ab4bded982eb9.79039777_V-10_WhatsApp_Video_2025-10-02_at_20.07.45.mp4 size=2418264
DONE videos=73
[11:36:35] [35/41] COMPLETE — overall 100%
[11:36:35] [36/41] 2025-10-02 00:00 | SCP V-11_ WhatsApp Video 2025-10-02 at 20.07.41.mp4 (2.2 MB) sort=1036
[11:36:46] [36/41] SCP done in 0.2 min — attaching...
[11:37:04] Attached media id=212 sort=1036 path=page_sections/videos/tb2025_6ab4be0adfbc51.84566791_V-11__WhatsApp_Video_2025-10-02_at_20.07.41.mp4 size=2343726
DONE videos=74
[11:37:04] [36/41] COMPLETE — overall 100%
[11:37:04] [37/41] 2025-10-02 00:00 | SCP V-12_WhatsApp Video 2025-10-02 at 20.07.46.mp4 (2.4 MB) sort=1037
[11:37:21] [37/41] SCP done in 0.3 min — attaching...
[11:37:44] Attached media id=213 sort=1037 path=page_sections/videos/tb2025_6ab4be326bd569.51470288_V-12_WhatsApp_Video_2025-10-02_at_20.07.46.mp4 size=2474873
DONE videos=75
[11:37:44] [37/41] COMPLETE — overall 100%
[11:37:44] [38/41] 2025-10-02 00:00 | SCP V-6_WhatsApp Video 2025-10-02 at 20.08.02.mp4 (2.0 MB) sort=1038
[11:38:03] [38/41] SCP done in 0.3 min — attaching...
[11:38:25] Attached media id=214 sort=1038 path=page_sections/videos/tb2025_6ab4be5b91cea0.38797537_V-6_WhatsApp_Video_2025-10-02_at_20.08.02.mp4 size=2146229
DONE videos=76
[11:38:25] [38/41] COMPLETE — overall 100%
[11:38:25] [39/41] 2025-10-02 00:00 | SCP V-7_WhatsApp Video 2025-10-02 at 20.08.02.mp4 (6.8 MB) sort=1039
[11:38:38] [39/41] SCP done in 0.2 min — attaching...
[11:38:54] Attached media id=215 sort=1039 path=page_sections/videos/tb2025_6ab4be786569c7.87121126_V-7_WhatsApp_Video_2025-10-02_at_20.08.02.mp4 size=7123893
DONE videos=77
[11:38:54] [39/41] COMPLETE — overall 100%
[11:38:54] [40/41] 2025-10-02 00:00 | SCP V-8_ WhatsApp Video 2025-10-02 at 20.07.mp4 (2.7 MB) sort=1040
[11:39:02] [40/41] SCP done in 0.1 min — attaching...
[11:39:21] Attached media id=216 sort=1040 path=page_sections/videos/tb2025_6ab4be939e09e9.72771576_V-8__WhatsApp_Video_2025-10-02_at_20.07.mp4 size=2876500
DONE videos=78
[11:39:21] [40/41] COMPLETE — overall 100%
