[13:07:21] SKIP excluded file: 9.(a)_VID_20230711_125318-R-dont upload.mp4
[13:07:21] SKIP excluded file: 9.(b)_VID_20230711_125318-R-dont upload.mp4
[13:07:21] OPD section 130 — 56 videos, 6501.0 MB (6.35 GB) total
[13:07:21] [1/56] SCP 1. 20_03_2025_OPD Video.mp4 (171.7 MB) — starting...
[13:08:01] [1/56] SCP done in 0.7 min (4.4 MB/s) — attaching...
[13:08:26] Attached media id=261 path=page_sections/videos/opd_6ab4d3717a9631.83054779_1._20_03_2025_OPD_Video.mp4 size=180075754
DONE videos=1
[13:08:26] [1/56] COMPLETE — overall 3% (172/6501 MB)
[13:08:26] [2/56] SCP 2. 25_03_2025_OPD Video.mp4 (89.7 MB) — starting...
[13:08:44] [2/56] SCP done in 0.3 min (4.9 MB/s) — attaching...
[13:09:04] Attached media id=262 path=page_sections/videos/opd_6ab4d3996f54b3.02213606_2._25_03_2025_OPD_Video.mp4 size=94028935
DONE videos=2
[13:09:04] [2/56] COMPLETE — overall 4% (261/6501 MB)
[13:09:04] [3/56] SCP 3. _20250527_101308.mp4 (81.1 MB) — starting...
[13:09:20] [3/56] SCP done in 0.3 min (4.8 MB/s) — attaching...
[13:09:37] Attached media id=263 path=page_sections/videos/opd_6ab4d3bb4a83a1.23321182_3.__20250527_101308.mp4 size=85062528
DONE videos=3
[13:09:37] [3/56] COMPLETE — overall 5% (343/6501 MB)
[13:09:37] [4/56] SCP 4._20250708_112441.mp4 (72.6 MB) — starting...
[13:09:55] [4/56] SCP done in 0.3 min (4.2 MB/s) — attaching...
[13:10:31] Attached media id=264 path=page_sections/videos/opd_6ab4d3ef7b1a38.77210690_4._20250708_112441.mp4 size=76134856
DONE videos=4
[13:10:31] [4/56] COMPLETE — overall 6% (415/6501 MB)
[13:10:31] [5/56] SCP 5. _WhatsApp Video 2026-04-29 at 11.37.24.mp4 (13.8 MB) — starting...
[13:10:47] [5/56] SCP done in 0.3 min (0.8 MB/s) — attaching...
[13:11:13] Attached media id=265 path=page_sections/videos/opd_6ab4d41ba4e554.03262057_5.__WhatsApp_Video_2026-04-29_at_11.37.24.mp4 size=14434717
DONE videos=5
[13:11:13] [5/56] COMPLETE — overall 7% (429/6501 MB)
[13:11:13] [6/56] SCP 6. _VID_20260317_110818970.mp4 (76.3 MB) — starting...
[13:11:35] [6/56] SCP done in 0.4 min (3.4 MB/s) — attaching...
[13:11:52] Attached media id=266 path=page_sections/videos/opd_6ab4d4417e0517.19313152_6.__VID_20260317_110818970.mp4 size=79997493
DONE videos=6
[13:11:52] [6/56] COMPLETE — overall 8% (505/6501 MB)
[13:11:52] [7/56] SCP 6.(a)_20260428_122134.mp4 (134.2 MB) — starting...
[13:12:20] [7/56] SCP done in 0.5 min (4.7 MB/s) — attaching...
[13:12:50] Attached media id=267 path=page_sections/videos/opd_6ab4d4793e2820.29404567_6._a__20260428_122134.mp4 size=140746653
DONE videos=7
[13:12:50] [7/56] COMPLETE — overall 10% (639/6501 MB)
[13:12:50] [8/56] SCP 6.(b)_20260505_102213.mp4 (111.5 MB) — starting...
[13:13:29] [8/56] SCP done in 0.6 min (2.9 MB/s) — attaching...
[13:13:53] Attached media id=268 path=page_sections/videos/opd_6ab4d4babe2816.13922285_6._b__20260505_102213.mp4 size=116955213
DONE videos=8
[13:13:53] [8/56] COMPLETE — overall 12% (751/6501 MB)
[13:13:53] [9/56] SCP 7. 20250624_130356.mp4 (200.4 MB) — starting...
[13:15:19] [9/56] SCP done in 1.4 min (2.3 MB/s) — attaching...
[13:16:15] SKIP excluded file: 9.(a)_VID_20230711_125318-R-dont upload.mp4
[13:16:15] SKIP excluded file: 9.(b)_VID_20230711_125318-R-dont upload.mp4
[13:16:15] OPD section 130 — 56 videos, 6501.0 MB (6.35 GB) total
[13:16:15] SKIP [1/56] already done: 1. 20_03_2025_OPD Video.mp4
[13:16:15] SKIP [2/56] already done: 2. 25_03_2025_OPD Video.mp4
[13:16:15] SKIP [3/56] already done: 3. _20250527_101308.mp4
[13:16:15] SKIP [4/56] already done: 4._20250708_112441.mp4
[13:16:15] SKIP [5/56] already done: 5. _WhatsApp Video 2026-04-29 at 11.37.24.mp4
[13:16:15] SKIP [6/56] already done: 6. _VID_20260317_110818970.mp4
[13:16:15] SKIP [7/56] already done: 6.(a)_20260428_122134.mp4
[13:16:15] SKIP [8/56] already done: 6.(b)_20260505_102213.mp4
[13:16:15] [9/56] SCP 7. 20250624_130356.mp4 (200.4 MB) — starting...
[13:17:10] [9/56] SCP done in 0.9 min (3.7 MB/s) — attaching...
[13:17:47] Attached media id=269 path=page_sections/videos/opd_6ab4d5a05100e2.48710279_7._20250624_130356.mp4 size=210091089
DONE videos=9
[13:17:47] [9/56] COMPLETE — overall 15% (951/6501 MB)
[13:17:47] [10/56] SCP 8._Importent_2.mp4 (100.5 MB) — starting...
[13:18:34] [10/56] SCP done in 0.8 min (2.2 MB/s) — attaching...
[13:19:02] Attached media id=270 path=page_sections/videos/opd_6ab4d5ee786130.52879027_8._Importent_2.mp4 size=105409856
DONE videos=10
[13:19:02] [10/56] COMPLETE — overall 16% (1052/6501 MB)
[13:19:02] [11/56] SCP 10. _VID_20230711_125557.mp4 (99.0 MB) — starting...
[13:19:30] [11/56] SCP done in 0.5 min (3.5 MB/s) — attaching...
[13:19:49] Attached media id=271 path=page_sections/videos/opd_6ab4d61e9c8860.81307739_10.__VID_20230711_125557.mp4 size=103842088
DONE videos=11
[13:19:49] [11/56] COMPLETE — overall 18% (1151/6501 MB)
[13:19:49] [12/56] SCP 11._20250930_111818.mp4 (600.7 MB) — starting...
[13:22:13] [12/56] SCP done in 2.4 min (4.2 MB/s) — attaching...
[13:23:18] Attached media id=272 path=page_sections/videos/opd_6ab4d6d9ac5df5.06682072_11._20250930_111818.mp4 size=629831972
DONE videos=12
[13:23:18] [12/56] COMPLETE — overall 27% (1752/6501 MB)
[13:23:18] [13/56] SCP 12. _20250128_100853.mp4 (73.5 MB) — starting...
[13:23:55] [13/56] SCP done in 0.6 min (2.0 MB/s) — attaching...
[13:24:29] Attached media id=273 path=page_sections/videos/opd_6ab4d73640fea8.00419726_12.__20250128_100853.mp4 size=77021492
DONE videos=13
[13:24:29] [13/56] COMPLETE — overall 28% (1825/6501 MB)
[13:24:29] [14/56] SCP 13. _Awareness 26.12.2024.mp4 (144.7 MB) — starting...
[13:25:31] [14/56] SCP done in 1.0 min (2.4 MB/s) — attaching...
[13:27:35] SKIP excluded file: 9.(a)_VID_20230711_125318-R-dont upload.mp4
[13:27:35] SKIP excluded file: 9.(b)_VID_20230711_125318-R-dont upload.mp4
[13:27:35] OPD section 130 — 56 videos, 6501.0 MB (6.35 GB) total
[13:27:35] SKIP [1/56] already done: 1. 20_03_2025_OPD Video.mp4
[13:27:35] SKIP [2/56] already done: 2. 25_03_2025_OPD Video.mp4
[13:27:35] SKIP [3/56] already done: 3. _20250527_101308.mp4
[13:27:35] SKIP [4/56] already done: 4._20250708_112441.mp4
[13:27:35] SKIP [5/56] already done: 5. _WhatsApp Video 2026-04-29 at 11.37.24.mp4
[13:27:35] SKIP [6/56] already done: 6. _VID_20260317_110818970.mp4
[13:27:35] SKIP [7/56] already done: 6.(a)_20260428_122134.mp4
[13:27:35] SKIP [8/56] already done: 6.(b)_20260505_102213.mp4
[13:27:35] SKIP [9/56] already done: 7. 20250624_130356.mp4
[13:27:35] SKIP [10/56] already done: 8._Importent_2.mp4
[13:27:35] SKIP [11/56] already done: 10. _VID_20230711_125557.mp4
[13:27:35] SKIP [12/56] already done: 11._20250930_111818.mp4
[13:27:35] SKIP [13/56] already done: 12. _20250128_100853.mp4
[13:27:35] [14/56] SCP 13. _Awareness 26.12.2024.mp4 (144.7 MB) — starting...
[13:28:24] [14/56] SCP done in 0.8 min (2.9 MB/s) — attaching...
[13:28:51] Attached media id=274 path=page_sections/videos/opd_6ab4d83cbdc771.59185255_12.__20250128_100853.mp4 size=77021492
DONE videos=14
[13:28:51] [14/56] COMPLETE — overall 30% (1970/6501 MB)
[13:28:51] [15/56] SCP 14. _20260416_101928.mp4 (97.1 MB) — starting...
[13:29:17] [15/56] SCP done in 0.4 min (3.7 MB/s) — attaching...
[13:29:43] Attached media id=275 path=page_sections/videos/opd_6ab4d86fe55367.38375688_12.__20250128_100853.mp4 size=77021492
DONE videos=15
[13:29:43] [15/56] COMPLETE — overall 32% (2067/6501 MB)
[13:29:43] [16/56] SCP 15._VID_20240423_102602.mp4 (95.2 MB) — starting...
[13:30:25] [16/56] SCP done in 0.7 min (2.3 MB/s) — attaching...
[13:31:20] Attached media id=276 path=page_sections/videos/opd_6ab4d8cf946bb2.77148648_12.__20250128_100853.mp4 size=77021492
DONE videos=16
[13:31:20] [16/56] COMPLETE — overall 33% (2162/6501 MB)
[13:31:20] [17/56] SCP 16. 20250930_114215.mp4 (104.6 MB) — starting...
[13:32:01] SCP attempt 1/3 failed (exit 255) — retrying in 10s...
[13:32:16] SCP attempt 2/3 failed (exit 255) — retrying in 10s...
[13:32:36] SCP attempt 3/3 failed (exit 255) — retrying in 10s...
[13:32:46] SCP FAILED for 16. 20250930_114215.mp4 after retries
[13:34:26] SKIP excluded file: 9.(a)_VID_20230711_125318-R-dont upload.mp4
[13:34:26] SKIP excluded file: 9.(b)_VID_20230711_125318-R-dont upload.mp4
[13:34:26] OPD section 130 — 56 videos, 6501.0 MB (6.35 GB) total
[13:34:26] SKIP [1/56] already done: 1. 20_03_2025_OPD Video.mp4
[13:34:26] SKIP [2/56] already done: 2. 25_03_2025_OPD Video.mp4
[13:34:26] SKIP [3/56] already done: 3. _20250527_101308.mp4
[13:34:26] SKIP [4/56] already done: 4._20250708_112441.mp4
[13:34:26] SKIP [5/56] already done: 5. _WhatsApp Video 2026-04-29 at 11.37.24.mp4
[13:34:26] SKIP [6/56] already done: 6. _VID_20260317_110818970.mp4
[13:34:26] SKIP [7/56] already done: 6.(a)_20260428_122134.mp4
[13:34:26] SKIP [8/56] already done: 6.(b)_20260505_102213.mp4
[13:34:26] SKIP [9/56] already done: 7. 20250624_130356.mp4
[13:34:26] SKIP [10/56] already done: 8._Importent_2.mp4
[13:34:26] SKIP [11/56] already done: 10. _VID_20230711_125557.mp4
[13:34:26] SKIP [12/56] already done: 11._20250930_111818.mp4
[13:34:26] SKIP [13/56] already done: 12. _20250128_100853.mp4
[13:34:26] SKIP [14/56] already done: 13. _Awareness 26.12.2024.mp4
[13:34:26] SKIP [15/56] already done: 14. _20260416_101928.mp4
[13:34:26] SKIP [16/56] already done: 15._VID_20240423_102602.mp4
[13:34:26] [17/56] SCP 16. 20250930_114215.mp4 (104.6 MB) — starting...
[13:35:20] [17/56] SCP done in 0.9 min (1.9 MB/s) — attaching...
[13:36:03] Attached media id=277 path=page_sections/videos/opd_6ab4d9e939ccc9.29138973_12.__20250128_100853.mp4 size=77021492
DONE videos=17
[13:36:03] [17/56] COMPLETE — overall 35% (2266/6501 MB)
[13:36:03] [18/56] SCP 17. VID_20260317_110638371.mp4 (370.7 MB) — starting...
[13:37:54] [18/56] SCP done in 1.9 min (3.3 MB/s) — attaching...
[13:38:30] Attached media id=278 path=page_sections/videos/opd_6ab4da7eb10343.39695848_12.__20250128_100853.mp4 size=77021492
DONE videos=18
[13:38:30] [18/56] COMPLETE — overall 41% (2637/6501 MB)
[13:38:30] [19/56] SCP 18. 20240321_102405.mp4 (74.0 MB) — starting...
[13:39:22] [19/56] SCP done in 0.9 min (1.4 MB/s) — attaching...
[13:39:54] Attached media id=279 path=page_sections/videos/opd_6ab4dad2d6f869.79492165_12.__20250128_100853.mp4 size=77021492
DONE videos=19
[13:39:54] [19/56] COMPLETE — overall 42% (2711/6501 MB)
[13:39:54] [20/56] SCP 19. 20240118_115749.mp4 (63.0 MB) — starting...
[13:40:25] [20/56] SCP done in 0.5 min (2.1 MB/s) — attaching...
[13:41:18] Attached media id=280 path=page_sections/videos/opd_6ab4db2580c4c9.51816950_12.__20250128_100853.mp4 size=77021492
DONE videos=20
[13:41:18] [20/56] COMPLETE — overall 43% (2774/6501 MB)
[13:41:18] [21/56] SCP 20. 20240321_113749.mp4 (2.2 MB) — starting...
[13:41:33] [21/56] SCP done in 0.2 min (0.1 MB/s) — attaching...
[13:42:07] Attached media id=281 path=page_sections/videos/opd_6ab4db565c6664.52744831_12.__20250128_100853.mp4 size=77021492
DONE videos=21
[13:42:07] [21/56] COMPLETE — overall 43% (2776/6501 MB)
[13:42:07] [22/56] SCP 21. 20240507_115755.mp4 (4.8 MB) — starting...
[13:42:22] [22/56] SCP done in 0.3 min (0.3 MB/s) — attaching...
[13:42:58] Attached media id=288 path=page_sections/videos/opd_6ab4db894637d0.43454512_12.__20250128_100853.mp4 size=77021492
DONE videos=22
[13:42:58] [22/56] COMPLETE — overall 43% (2781/6501 MB)
[13:42:58] [23/56] SCP 22. 20240611_161401.mp4 (6.2 MB) — starting...
[13:43:13] [23/56] SCP done in 0.3 min (0.4 MB/s) — attaching...
[13:43:48] Attached media id=289 path=page_sections/videos/opd_6ab4dbbc5996b4.82479652_12.__20250128_100853.mp4 size=77021492
DONE videos=23
[13:43:48] [23/56] COMPLETE — overall 43% (2787/6501 MB)
[13:43:48] [24/56] SCP 23. 20241008_110223.mp4 (18.0 MB) — starting...
[13:44:28] [24/56] SCP done in 0.7 min (0.4 MB/s) — attaching...
[13:45:09] Attached media id=290 path=page_sections/videos/opd_6ab4dc0ad056f7.64839124_12.__20250128_100853.mp4 size=77021492
DONE videos=24
[13:45:09] [24/56] COMPLETE — overall 43% (2805/6501 MB)
[13:45:09] [25/56] SCP 24. . 20240402_101057.mp4 (51.3 MB) — starting...
[13:45:49] [25/56] SCP done in 0.7 min (1.3 MB/s) — attaching...
[13:46:36] Attached media id=291 path=page_sections/videos/opd_6ab4dc63cedba5.04307193_12.__20250128_100853.mp4 size=77021492
DONE videos=25
[13:46:36] [25/56] COMPLETE — overall 44% (2857/6501 MB)
[13:46:36] [26/56] SCP 25.(a)_20241008_103551-R.mp4 (97.3 MB) — starting...
[13:47:18] [26/56] SCP done in 0.7 min (2.4 MB/s) — attaching...
[13:47:54] Attached media id=292 path=page_sections/videos/opd_6ab4dcb3444074.30119177_12.__20250128_100853.mp4 size=77021492
DONE videos=26
[13:47:54] [26/56] COMPLETE — overall 45% (2954/6501 MB)
[13:47:54] [27/56] SCP 25.(b)_20241008_103551.mp4 (120.8 MB) — starting...
[13:48:39] [27/56] SCP done in 0.7 min (2.7 MB/s) — attaching...
[13:49:14] Attached media id=293 path=page_sections/videos/opd_6ab4dd02c8c4b9.89300519_12.__20250128_100853.mp4 size=77021492
DONE videos=27
[13:49:14] [27/56] COMPLETE — overall 47% (3075/6501 MB)
[13:49:14] [28/56] SCP 26.(a)_20240604_115352-R.mp4 (68.2 MB) — starting...
[13:49:45] [28/56] SCP done in 0.5 min (2.2 MB/s) — attaching...
[13:50:31] Attached media id=294 path=page_sections/videos/opd_6ab4dd4ec29c92.40423918_12.__20250128_100853.mp4 size=77021492
DONE videos=28
[13:50:31] [28/56] COMPLETE — overall 48% (3143/6501 MB)
[13:50:31] [29/56] SCP 26.(b)_20240604_115352.mp4 (74.2 MB) — starting...
[13:51:06] [29/56] SCP done in 0.6 min (2.1 MB/s) — attaching...
[13:51:52] Attached media id=295 path=page_sections/videos/opd_6ab4dda0476e25.54013670_12.__20250128_100853.mp4 size=77021492
DONE videos=29
[13:51:52] [29/56] COMPLETE — overall 49% (3217/6501 MB)
[13:51:52] [30/56] SCP 27. 20240118-115618.mp4 (64.4 MB) — starting...
[13:52:29] [30/56] SCP done in 0.6 min (1.7 MB/s) — attaching...
[13:53:04] Attached media id=296 path=page_sections/videos/opd_6ab4dde7e9d034.51610022_12.__20250128_100853.mp4 size=77021492
DONE videos=30
[13:53:04] [30/56] COMPLETE — overall 50% (3282/6501 MB)
[13:53:04] [31/56] SCP 28.(a)_20241231_102521-R.mp4 (95.2 MB) — starting...
[13:53:36] [31/56] SCP done in 0.5 min (2.9 MB/s) — attaching...
[13:54:08] Attached media id=297 path=page_sections/videos/opd_6ab4de2854bfc6.14304153_12.__20250128_100853.mp4 size=77021492
DONE videos=31
[13:54:08] [31/56] COMPLETE — overall 52% (3377/6501 MB)
[13:54:08] [32/56] SCP 28.(b)_20241231_102521.mp4 (114.0 MB) — starting...
[13:54:45] [32/56] SCP done in 0.6 min (3.1 MB/s) — attaching...
[13:55:34] Attached media id=298 path=page_sections/videos/opd_6ab4de7ecd0e17.77154730_12.__20250128_100853.mp4 size=77021492
DONE videos=32
[13:55:34] [32/56] COMPLETE — overall 54% (3491/6501 MB)
[13:55:34] [33/56] SCP 29. Importent.mp4 (5.0 MB) — starting...
[13:55:47] [33/56] SCP done in 0.2 min (0.4 MB/s) — attaching...
[13:56:31] Attached media id=299 path=page_sections/videos/opd_6ab4deb693ef52.13137672_12.__20250128_100853.mp4 size=77021492
DONE videos=33
[13:56:31] [33/56] COMPLETE — overall 54% (3496/6501 MB)
[13:56:31] [34/56] SCP 30. 20250513_105238.mp4 (200.8 MB) — starting...
[13:57:23] [34/56] SCP done in 0.9 min (3.9 MB/s) — attaching...
[13:57:51] Attached media id=300 path=page_sections/videos/opd_6ab4df08de1eb6.75760181_12.__20250128_100853.mp4 size=77021492
DONE videos=34
[13:57:51] [34/56] COMPLETE — overall 57% (3697/6501 MB)
[13:57:51] [35/56] SCP 31. VID_20230613_112705.mp4 (74.7 MB) — starting...
[13:58:26] [35/56] SCP done in 0.6 min (2.1 MB/s) — attaching...
[13:58:57] Attached media id=301 path=page_sections/videos/opd_6ab4df49bcbb31.56140230_12.__20250128_100853.mp4 size=77021492
DONE videos=35
[13:58:57] [35/56] COMPLETE — overall 58% (3771/6501 MB)
[13:58:57] [36/56] SCP 32. VID_20230706_121137.mp4 (8.6 MB) — starting...
[13:59:15] [36/56] SCP done in 0.3 min (0.5 MB/s) — attaching...
[13:59:48] Attached media id=302 path=page_sections/videos/opd_6ab4df7c935af0.76336802_12.__20250128_100853.mp4 size=77021492
DONE videos=36
[13:59:48] [36/56] COMPLETE — overall 58% (3780/6501 MB)
[13:59:48] [37/56] SCP 33. VID_20230704_104636.mp4 (71.1 MB) — starting...
[14:00:32] [37/56] SCP done in 0.7 min (1.6 MB/s) — attaching...
[14:01:47] Attached media id=304 path=page_sections/videos/opd_6ab4dff023c7e6.04420623_12.__20250128_100853.mp4 size=77021492
DONE videos=37
[14:01:47] [37/56] COMPLETE — overall 59% (3851/6501 MB)
[14:01:47] [38/56] SCP 34. VID_20230613_095517.mp4 (72.9 MB) — starting...
[14:02:20] [38/56] SCP done in 0.5 min (2.2 MB/s) — attaching...
[14:03:18] Attached media id=305 path=page_sections/videos/opd_6ab4e04d5b3b74.29758529_12.__20250128_100853.mp4 size=77021492
DONE videos=38
[14:03:18] [38/56] COMPLETE — overall 60% (3924/6501 MB)
[14:03:18] [39/56] SCP 35. VID_20230620_104410.mp4 (119.3 MB) — starting...
[14:04:00] [39/56] SCP done in 0.7 min (2.9 MB/s) — attaching...
[14:04:32] Attached media id=306 path=page_sections/videos/opd_6ab4e098912876.37872205_12.__20250128_100853.mp4 size=77021492
DONE videos=39
[14:04:32] [39/56] COMPLETE — overall 62% (4043/6501 MB)
[14:04:32] [40/56] SCP 36. VID_20230817_112934.mp4 (102.1 MB) — starting...
[14:05:26] [40/56] SCP done in 0.9 min (1.9 MB/s) — attaching...
[14:05:41] SCP attempt 1/3 failed (exit 255) — retrying in 10s...
[14:06:37] Attached media id=308 path=page_sections/videos/opd_6ab4e11476def6.22173658_12.__20250128_100853.mp4 size=77021492
DONE videos=40
[14:06:37] [40/56] COMPLETE — overall 64% (4145/6501 MB)
[14:06:37] [41/56] SCP 37. VID_20230808_094651.mp4 (63.6 MB) — starting...
[14:07:10] [41/56] SCP done in 0.6 min (1.9 MB/s) — attaching...
[14:07:38] Attached media id=309 path=page_sections/videos/opd_6ab4e1535e64d8.42188182_12.__20250128_100853.mp4 size=77021492
DONE videos=41
[14:07:38] [41/56] COMPLETE — overall 65% (4209/6501 MB)
[14:07:38] [42/56] SCP 38. VID_20230622_110420.mp4 (99.3 MB) — starting...
[14:07:39] SCP attempt 1/3 failed (exit 255) — retrying in 10s...
[14:07:58] SCP attempt 2/3 failed (exit 255) — retrying in 10s...
[14:08:12] SCP attempt 3/3 failed (exit 255) — retrying in 10s...
[14:08:22] SCP FAILED for 38. VID_20230622_110420.mp4 after retries
[14:20:26] SKIP excluded file: 9.(a)_VID_20230711_125318-R-dont upload.mp4
[14:20:26] SKIP excluded file: 9.(b)_VID_20230711_125318-R-dont upload.mp4
[14:20:26] OPD section 130 — 56 videos, 6501.0 MB (6.35 GB) total
[14:20:26] SKIP [1/56] already done: 1. 20_03_2025_OPD Video.mp4
[14:20:26] SKIP [2/56] already done: 2. 25_03_2025_OPD Video.mp4
[14:20:26] SKIP [3/56] already done: 3. _20250527_101308.mp4
[14:20:26] SKIP [4/56] already done: 4._20250708_112441.mp4
[14:20:26] SKIP [5/56] already done: 5. _WhatsApp Video 2026-04-29 at 11.37.24.mp4
[14:20:26] SKIP [6/56] already done: 6. _VID_20260317_110818970.mp4
[14:20:26] SKIP [7/56] already done: 6.(a)_20260428_122134.mp4
[14:20:26] SKIP [8/56] already done: 6.(b)_20260505_102213.mp4
[14:20:26] SKIP [9/56] already done: 7. 20250624_130356.mp4
[14:20:26] SKIP [10/56] already done: 8._Importent_2.mp4
[14:20:26] SKIP [11/56] already done: 10. _VID_20230711_125557.mp4
[14:20:26] SKIP [12/56] already done: 11._20250930_111818.mp4
[14:20:26] SKIP [13/56] already done: 12. _20250128_100853.mp4
[14:20:26] SKIP [14/56] already done: 13. _Awareness 26.12.2024.mp4
[14:20:26] SKIP [15/56] already done: 14. _20260416_101928.mp4
[14:20:26] SKIP [16/56] already done: 15._VID_20240423_102602.mp4
[14:20:26] SKIP [17/56] already done: 16. 20250930_114215.mp4
[14:20:26] SKIP [18/56] already done: 17. VID_20260317_110638371.mp4
[14:20:26] SKIP [19/56] already done: 18. 20240321_102405.mp4
[14:20:26] SKIP [20/56] already done: 19. 20240118_115749.mp4
[14:20:26] SKIP [21/56] already done: 20. 20240321_113749.mp4
[14:20:26] SKIP [22/56] already done: 21. 20240507_115755.mp4
[14:20:26] SKIP [23/56] already done: 22. 20240611_161401.mp4
[14:20:26] SKIP [24/56] already done: 23. 20241008_110223.mp4
[14:20:26] SKIP [25/56] already done: 24. . 20240402_101057.mp4
[14:20:26] SKIP [26/56] already done: 25.(a)_20241008_103551-R.mp4
[14:20:26] SKIP [27/56] already done: 25.(b)_20241008_103551.mp4
[14:20:26] SKIP [28/56] already done: 26.(a)_20240604_115352-R.mp4
[14:20:26] SKIP [29/56] already done: 26.(b)_20240604_115352.mp4
[14:20:26] SKIP [30/56] already done: 27. 20240118-115618.mp4
[14:20:26] SKIP [31/56] already done: 28.(a)_20241231_102521-R.mp4
[14:20:26] SKIP [32/56] already done: 28.(b)_20241231_102521.mp4
[14:20:26] SKIP [33/56] already done: 29. Importent.mp4
[14:20:26] SKIP [34/56] already done: 30. 20250513_105238.mp4
[14:20:26] SKIP [35/56] already done: 31. VID_20230613_112705.mp4
[14:20:26] SKIP [36/56] already done: 32. VID_20230706_121137.mp4
[14:20:26] SKIP [37/56] already done: 33. VID_20230704_104636.mp4
[14:20:26] SKIP [38/56] already done: 34. VID_20230613_095517.mp4
[14:20:26] SKIP [39/56] already done: 35. VID_20230620_104410.mp4
[14:20:26] SKIP [40/56] already done: 36. VID_20230817_112934.mp4
[14:20:26] SKIP [41/56] already done: 37. VID_20230808_094651.mp4
[14:20:26] [42/56] SCP 38. VID_20230622_110420.mp4 (99.3 MB) — starting...
[14:21:04] [42/56] SCP done in 0.6 min (2.6 MB/s) — attaching...
[14:21:43] Attached media id=318 path=page_sections/videos/opd_6ab4e49e9d4929.97164893_12.__20250128_100853.mp4 size=77021492
DONE videos=42
[14:21:43] [42/56] COMPLETE — overall 66% (4308/6501 MB)
[14:21:43] [43/56] SCP 39. VID_20240215_101631.mp4 (62.5 MB) — starting...
[14:22:13] [43/56] SCP done in 0.5 min (2.0 MB/s) — attaching...
[14:22:54] Attached media id=319 path=page_sections/videos/opd_6ab4e4e7093de2.31394893_12.__20250128_100853.mp4 size=77021492
DONE videos=43
[14:22:54] [43/56] COMPLETE — overall 67% (4371/6501 MB)
[14:22:54] [44/56] SCP 40. WhatsApp Video 2024-10-14 at 10.45.50-R.mp4 (9.7 MB) — starting...
[14:23:17] [44/56] SCP done in 0.4 min (0.4 MB/s) — attaching...
[14:23:53] Attached media id=320 path=page_sections/videos/opd_6ab4e522cf1431.59168355_12.__20250128_100853.mp4 size=77021492
DONE videos=44
[14:23:53] [44/56] COMPLETE — overall 67% (4380/6501 MB)
[14:23:53] [45/56] SCP 41. VID_20230817_113018.mp4 (21.5 MB) — starting...
[14:24:10] [45/56] SCP done in 0.3 min (1.3 MB/s) — attaching...
[14:24:36] Attached media id=321 path=page_sections/videos/opd_6ab4e54d98fa29.19431630_12.__20250128_100853.mp4 size=77021492
DONE videos=45
[14:24:36] [45/56] COMPLETE — overall 68% (4402/6501 MB)
[14:24:36] [46/56] SCP 42. VID_20260317_105005045.mp4 (112.7 MB) — starting...
[14:25:16] [46/56] SCP done in 0.7 min (2.8 MB/s) — attaching...
[14:25:49] Attached media id=322 path=page_sections/videos/opd_6ab4e595be6f53.98247651_12.__20250128_100853.mp4 size=77021492
DONE videos=46
[14:25:49] [46/56] COMPLETE — overall 69% (4515/6501 MB)
[14:25:49] [47/56] SCP 43. VID_20260317_105144794.mp4 (200.7 MB) — starting...
[14:26:41] [47/56] SCP done in 0.9 min (3.8 MB/s) — attaching...
[14:27:12] Attached media id=323 path=page_sections/videos/opd_6ab4e5e8c288c8.76032792_12.__20250128_100853.mp4 size=77021492
DONE videos=47
[14:27:12] [47/56] COMPLETE — overall 73% (4715/6501 MB)
[14:27:12] [48/56] SCP 44. VID_20260317_114154142.mp4 (840.2 MB) — starting...
[14:30:35] [48/56] SCP done in 3.4 min (4.1 MB/s) — attaching...
[14:30:45] SCP attempt 1/3 failed (exit 255) — retrying in 10s...
[14:32:04] Attached media id=324 path=page_sections/videos/opd_6ab4e70a8df3b0.84144077_12.__20250128_100853.mp4 size=77021492
DONE videos=48
[14:32:04] [48/56] COMPLETE — overall 85% (5556/6501 MB)
[14:32:04] [49/56] SCP 45. VID_20260317_112210572.mp4 (429.8 MB) — starting...
[14:34:30] [49/56] SCP done in 2.4 min (2.9 MB/s) — attaching...
[14:35:03] Attached media id=325 path=page_sections/videos/opd_6ab4e7be9d9051.61320761_12.__20250128_100853.mp4 size=77021492
DONE videos=49
[14:35:03] [49/56] COMPLETE — overall 92% (5985/6501 MB)
[14:35:03] [50/56] SCP 46. VID_20260325_120637103.mp4 (128.7 MB) — starting...
[14:36:00] [50/56] SCP done in 0.9 min (2.3 MB/s) — attaching...
[14:36:58] Attached media id=332 path=page_sections/videos/opd_6ab4e831357da5.18127917_12.__20250128_100853.mp4 size=77021492
DONE videos=50
[14:36:58] [50/56] COMPLETE — overall 94% (6114/6501 MB)
[14:36:58] [51/56] SCP VID_20230615_103844.mp4 (123.2 MB) — starting...
[14:37:42] [51/56] SCP done in 0.7 min (2.8 MB/s) — attaching...
[14:37:50] SCP attempt 1/3 failed (exit 255) — retrying in 10s...
[14:38:13] SCP attempt 2/3 failed (exit 255) — retrying in 10s...
[14:38:57] Attached media id=333 path=page_sections/videos/opd_6ab4e8a97675d7.43779809_12.__20250128_100853.mp4 size=77021492
DONE videos=51
[14:38:57] [51/56] COMPLETE — overall 96% (6237/6501 MB)
[14:38:57] [52/56] SCP VID_20231209_124748.mp4 (36.9 MB) — starting...
[14:39:15] [52/56] SCP done in 0.3 min (2.0 MB/s) — attaching...
[14:39:45] Attached media id=334 path=page_sections/videos/opd_6ab4e8d8c0d483.23177147_12.__20250128_100853.mp4 size=77021492
DONE videos=52
[14:39:45] [52/56] COMPLETE — overall 97% (6274/6501 MB)
[14:39:45] [53/56] SCP VID_20231209_125337.mp4 (64.1 MB) — starting...
[14:40:06] [53/56] SCP done in 0.3 min (3.1 MB/s) — attaching...
[14:40:48] Attached media id=335 path=page_sections/videos/opd_6ab4e91867ba13.80720200_12.__20250128_100853.mp4 size=77021492
DONE videos=53
[14:40:48] [53/56] COMPLETE — overall 97% (6338/6501 MB)
[14:40:48] [54/56] SCP VID_20240210_104848.mp4 (128.0 MB) — starting...
[14:41:36] [54/56] SCP done in 0.8 min (2.6 MB/s) — attaching...
[14:42:35] Attached media id=336 path=page_sections/videos/opd_6ab4e981057746.28237089_12.__20250128_100853.mp4 size=77021492
DONE videos=54
[14:42:35] [54/56] COMPLETE — overall 99% (6466/6501 MB)
[14:42:35] [55/56] SCP VID_20260317_112151131.mp4 (26.6 MB) — starting...
[14:42:54] [55/56] SCP done in 0.3 min (1.4 MB/s) — attaching...
[14:43:32] Attached media id=337 path=page_sections/videos/opd_6ab4e9ba8cbc88.99117500_12.__20250128_100853.mp4 size=77021492
DONE videos=55
[14:43:32] [55/56] COMPLETE — overall 100% (6493/6501 MB)
[14:43:32] [56/56] SCP VID_20260317_114151860.mp4 (8.2 MB) — starting...
[14:43:47] [56/56] SCP done in 0.2 min (0.6 MB/s) — attaching...
[14:44:29] Attached media id=338 path=page_sections/videos/opd_6ab4e9f365ae56.50983562_12.__20250128_100853.mp4 size=77021492
DONE videos=56
[14:44:29] [56/56] COMPLETE — overall 100% (6501/6501 MB)
[14:44:55] ALL DONE — OPD videos uploaded.
