[09:09:15] TB Pledge section 53 — 38 videos, 28380.3 MB (27.72 GB) total
[09:09:15] [1/38] SCP 19-09-2025.mp4 (3110.2 MB) — starting...
[09:09:18] SCP attempt 1/3 failed (exit 255) — retrying in 10s...
[09:15:00] [1/38] SCP done in 5.8 min (9.0 MB/s) — attaching...
[09:16:27] Attached media id=125 path=page_sections/videos/tbpledge_6ab49ce00832a6.96286504_19-09-2025.mp4 size=3261310775
DONE videos=1
[09:16:27] [1/38] COMPLETE — overall 11% (3110/28380 MB)
[09:16:27] [2/38] SCP 19-09-2025_1.mp4 (222.5 MB) — starting...
[09:16:57] [2/38] SCP done in 0.5 min (7.5 MB/s) — attaching...
[09:17:22] Attached media id=126 path=page_sections/videos/tbpledge_6ab49d48807205.38931372_19-09-2025_1.mp4 size=233280441
DONE videos=2
[09:17:22] [2/38] COMPLETE — overall 12% (3333/28380 MB)
[09:17:22] [3/38] SCP 20240904_105600.mp4 (115.5 MB) — starting...
[09:17:43] [3/38] SCP done in 0.3 min (5.6 MB/s) — attaching...
[09:18:00] Attached media id=127 path=page_sections/videos/tbpledge_6ab49d7098a470.59312571_20240904_105600.mp4 size=121104299
DONE videos=3
[09:18:00] [3/38] COMPLETE — overall 12% (3448/28380 MB)
[09:18:00] [4/38] SCP 20240904_110010.mp4 (56.3 MB) — starting...
[09:18:15] [4/38] SCP done in 0.3 min (3.7 MB/s) — attaching...
[09:18:32] Attached media id=128 path=page_sections/videos/tbpledge_6ab49d9218d7d3.72308850_20240904_110010.mp4 size=59013358
DONE videos=4
[09:18:32] [4/38] COMPLETE — overall 12% (3504/28380 MB)
[09:18:32] [5/38] SCP 20240914_103346.mp4 (1546.9 MB) — starting...
[09:21:07] [5/38] SCP done in 2.6 min (10.0 MB/s) — attaching...
[09:22:08] Attached media id=129 path=page_sections/videos/tbpledge_6ab49e4a4dc019.58744921_20240914_103346.mp4 size=1622028701
DONE videos=5
[09:22:08] [5/38] COMPLETE — overall 18% (5051/28380 MB)
[09:22:08] [6/38] SCP 20241127_111630.mp4 (857.4 MB) — starting...
[09:23:51] [6/38] SCP done in 1.7 min (8.3 MB/s) — attaching...
[09:24:26] Attached media id=130 path=page_sections/videos/tbpledge_6ab49ee8ca5078.45306786_20241127_111630.mp4 size=899039994
DONE videos=6
[09:24:26] [6/38] COMPLETE — overall 21% (5909/28380 MB)
[09:24:26] [7/38] SCP 20241130_104149.mp4 (1088.1 MB) — starting...
[09:26:22] [7/38] SCP done in 1.9 min (9.4 MB/s) — attaching...
[09:27:04] Attached media id=131 path=page_sections/videos/tbpledge_6ab49f80cacef3.39776139_20241130_104149.mp4 size=1140918964
DONE videos=7
[09:27:04] [7/38] COMPLETE — overall 25% (6997/28380 MB)
[09:27:04] [8/38] SCP 20241218_104422.mp4 (1217.6 MB) — starting...
[09:29:27] [8/38] SCP done in 2.4 min (8.5 MB/s) — attaching...
[09:30:04] Attached media id=132 path=page_sections/videos/tbpledge_6ab4a031f2b8e6.00935109_20241218_104422.mp4 size=1276759493
DONE videos=8
[09:30:04] [8/38] COMPLETE — overall 29% (8214/28380 MB)
[09:30:04] [9/38] SCP Awareness_13.11.2024.mp4 (1186.3 MB) — starting...
[09:32:35] [9/38] SCP done in 2.5 min (7.8 MB/s) — attaching...
[09:33:42] Attached media id=133 path=page_sections/videos/tbpledge_6ab4a100c7d9f8.72709414_Awareness_13.11.2024.mp4 size=1243905966
DONE videos=9
[09:33:42] [9/38] COMPLETE — overall 33% (9401/28380 MB)
[09:33:42] [10/38] SCP Awareness_27.09.2024.mp4 (1088.1 MB) — starting...
[09:35:57] [10/38] SCP done in 2.3 min (8.0 MB/s) — attaching...
[09:36:55] Attached media id=134 path=page_sections/videos/tbpledge_6ab4a1cd367d04.19136118_Awareness_27.09.2024.mp4 size=1140918964
DONE videos=10
[09:36:55] [10/38] COMPLETE — overall 37% (10489/28380 MB)
[09:36:55] [11/38] SCP Awareness_30.09.2024.mp4 (857.4 MB) — starting...
[09:38:37] [11/38] SCP done in 1.7 min (8.4 MB/s) — attaching...
[09:39:17] Attached media id=135 path=page_sections/videos/tbpledge_6ab4a25f9a6487.04854988_Awareness_30.09.2024.mp4 size=899039994
DONE videos=11
[09:39:17] [11/38] COMPLETE — overall 40% (11346/28380 MB)
[09:39:17] [12/38] SCP Awarness TBday_07-12-24_1.mp4 (1541.0 MB) — starting...
[09:42:23] [12/38] SCP done in 3.1 min (8.3 MB/s) — attaching...
[09:43:20] Attached media id=136 path=page_sections/videos/tbpledge_6ab4a3451d0214.00191441_Awarness_TBday_07-12-24_1.mp4 size=1615866898
DONE videos=12
[09:43:20] [12/38] COMPLETE — overall 45% (12887/28380 MB)
[09:43:20] [13/38] SCP Awarness TBday_07-12-24_2.mp4 (263.5 MB) — starting...
[09:43:57] [13/38] SCP done in 0.6 min (7.1 MB/s) — attaching...
[09:44:19] Attached media id=137 path=page_sections/videos/tbpledge_6ab4a399b26c04.80598196_Awarness_TBday_07-12-24_2.mp4 size=276297169
DONE videos=13
[09:44:19] [13/38] COMPLETE — overall 46% (13151/28380 MB)
[09:44:19] [14/38] SCP VID20240624104638.mp4 (180.9 MB) — starting...
[09:44:49] [14/38] SCP done in 0.5 min (6.1 MB/s) — attaching...
[09:45:27] Attached media id=138 path=page_sections/videos/tbpledge_6ab4a3ddf1dab3.98658236_VID20240624104638.mp4 size=189672116
DONE videos=14
[09:45:27] [14/38] COMPLETE — overall 47% (13332/28380 MB)
[09:45:27] [15/38] SCP VID-20240606-WA0004.mp4 (64.5 MB) — starting...
[09:45:46] [15/38] SCP done in 0.3 min (3.4 MB/s) — attaching...
[09:46:14] Attached media id=139 path=page_sections/videos/tbpledge_6ab4a40e7432f9.11150810_VID-20240606-WA0004.mp4 size=67602162
DONE videos=15
[09:46:14] [15/38] COMPLETE — overall 47% (13396/28380 MB)
[09:46:14] [16/38] SCP VID-20240606-WA0005.mp4 (53.9 MB) — starting...
[09:46:36] [16/38] SCP done in 0.4 min (2.4 MB/s) — attaching...
[09:47:04] Attached media id=140 path=page_sections/videos/tbpledge_6ab4a4413c7056.11992466_VID-20240606-WA0005.mp4 size=56482742
DONE videos=16
[09:47:04] [16/38] COMPLETE — overall 47% (13450/28380 MB)
[09:47:04] [17/38] SCP VID_20230616_103054.mp4 (482.1 MB) — starting...
[09:48:10] [17/38] SCP done in 1.1 min (7.4 MB/s) — attaching...
[09:48:43] Attached media id=141 path=page_sections/videos/tbpledge_6ab4a49cad7d93.01779753_VID_20230616_103054.mp4 size=505529893
DONE videos=17
[09:48:43] [17/38] COMPLETE — overall 49% (13932/28380 MB)
[09:48:43] [18/38] SCP VID_20230821_102347.mp4 (289.0 MB) — starting...
[09:49:23] [18/38] SCP done in 0.7 min (7.3 MB/s) — attaching...
[09:49:49] Attached media id=142 path=page_sections/videos/tbpledge_6ab4a4e3b5d420.75777002_VID_20230821_102347.mp4 size=303057188
DONE videos=18
[09:49:49] [18/38] COMPLETE — overall 50% (14221/28380 MB)
[09:49:49] [19/38] SCP VID_20231018_114517.mp4 (67.2 MB) — starting...
[09:50:06] [19/38] SCP done in 0.3 min (4.1 MB/s) — attaching...
[09:50:38] Attached media id=143 path=page_sections/videos/tbpledge_6ab4a517492576.95652314_VID_20231018_114517.mp4 size=70458809
DONE videos=19
[09:50:38] [19/38] COMPLETE — overall 50% (14288/28380 MB)
[09:50:38] [20/38] SCP VID_20240202_101740.mp4 (660.5 MB) — starting...
[09:52:13] [20/38] SCP done in 1.6 min (6.9 MB/s) — attaching...
[09:52:50] Attached media id=144 path=page_sections/videos/tbpledge_6ab4a5922d4079.18632507_VID_20240202_101740.mp4 size=692560218
DONE videos=20
[09:52:50] [20/38] COMPLETE — overall 53% (14949/28380 MB)
[09:52:50] [21/38] SCP VID_20240610_103347.mp4 (157.5 MB) — starting...
[09:53:18] [21/38] SCP done in 0.5 min (5.6 MB/s) — attaching...
[09:53:41] Attached media id=145 path=page_sections/videos/tbpledge_6ab4a5ccd14655.57681595_VID_20240610_103347.mp4 size=165114472
DONE videos=21
[09:53:41] [21/38] COMPLETE — overall 53% (15106/28380 MB)
[09:53:41] [22/38] SCP VID_20240823_105616.mp4 (409.2 MB) — starting...
[09:54:28] [22/38] SCP done in 0.8 min (8.6 MB/s) — attaching...
[09:54:50] Attached media id=146 path=page_sections/videos/tbpledge_6ab4a60f275a01.89042966_VID_20240823_105616.mp4 size=429037436
DONE videos=22
[09:54:50] [22/38] COMPLETE — overall 55% (15515/28380 MB)
[09:54:50] [23/38] SCP VID_20240823_111530.mp4 (112.5 MB) — starting...
[09:55:11] [23/38] SCP done in 0.4 min (5.3 MB/s) — attaching...
[09:55:35] Attached media id=147 path=page_sections/videos/tbpledge_6ab4a6402261a7.40249708_VID_20240823_111530.mp4 size=117992903
DONE videos=23
[09:55:35] [23/38] COMPLETE — overall 55% (15628/28380 MB)
[09:55:35] [24/38] SCP VID_20240824_103616.mp4 (68.4 MB) — starting...
[09:55:56] [24/38] SCP done in 0.3 min (3.3 MB/s) — attaching...
[09:56:20] Attached media id=148 path=page_sections/videos/tbpledge_6ab4a66d44ef26.54000496_VID_20240824_103616.mp4 size=71729218
DONE videos=24
[09:56:20] [24/38] COMPLETE — overall 55% (15696/28380 MB)
[09:56:20] [25/38] SCP VID_20240831_102957.mp4 (134.2 MB) — starting...
[09:56:44] [25/38] SCP done in 0.4 min (5.6 MB/s) — attaching...
[09:57:02] Attached media id=149 path=page_sections/videos/tbpledge_6ab4a6974a97c2.12490767_VID_20240831_102957.mp4 size=140751273
DONE videos=25
[09:57:02] [25/38] COMPLETE — overall 56% (15830/28380 MB)
[09:57:02] [26/38] SCP VID_20240904_105054.mp4 (1393.3 MB) — starting...
[09:59:24] [26/38] SCP done in 2.4 min (9.9 MB/s) — attaching...
[09:59:52] Attached media id=150 path=page_sections/videos/tbpledge_6ab4a736ed9666.32289728_VID_20240904_105054.mp4 size=1460939644
DONE videos=26
[09:59:52] [26/38] COMPLETE — overall 61% (17224/28380 MB)
[09:59:52] [27/38] SCP VID_20240907_113826.mp4 (1062.8 MB) — starting...
[10:01:51] [27/38] SCP done in 2.0 min (8.9 MB/s) — attaching...
[10:02:41] Attached media id=151 path=page_sections/videos/tbpledge_6ab4a7d7b0d0b1.07426634_VID_20240907_113826.mp4 size=1114388025
DONE videos=27
[10:02:41] [27/38] COMPLETE — overall 64% (18287/28380 MB)
[10:02:41] [28/38] SCP VID_20240911_104047.mp4 (1533.9 MB) — starting...
[10:05:31] [28/38] SCP done in 2.8 min (9.0 MB/s) — attaching...
[10:06:15] Attached media id=154 path=page_sections/videos/tbpledge_6ab4a8a7379d11.31617702_VID_20240911_104047.mp4 size=1608388696
DONE videos=28
[10:06:15] [28/38] COMPLETE — overall 70% (19820/28380 MB)
[10:06:15] [29/38] SCP VID_20240911_105135_1.mp4 (90.2 MB) — starting...
[10:06:37] [29/38] SCP done in 0.4 min (4.1 MB/s) — attaching...
[10:07:06] Attached media id=155 path=page_sections/videos/tbpledge_6ab4a8f3b30529.48783483_VID_20240911_105135_1.mp4 size=94587872
DONE videos=29
[10:07:06] [29/38] COMPLETE — overall 70% (19911/28380 MB)
[10:07:06] [30/38] SCP VID_20241005_102835.mp4 (763.8 MB) — starting...
[10:08:29] [30/38] SCP done in 1.4 min (9.2 MB/s) — attaching...
[10:08:55] Attached media id=157 path=page_sections/videos/tbpledge_6ab4a957b72a39.77416450_VID_20241005_102835.mp4 size=800899996
DONE videos=30
[10:08:55] [30/38] COMPLETE — overall 73% (20674/28380 MB)
[10:08:55] [31/38] SCP VID_20241005_103411.mp4 (435.8 MB) — starting...
[10:09:45] [31/38] SCP done in 0.8 min (8.6 MB/s) — attaching...
[10:10:14] Attached media id=158 path=page_sections/videos/tbpledge_6ab4a9a93ef843.45948353_VID_20241005_103411.mp4 size=456933076
DONE videos=31
[10:10:14] [31/38] COMPLETE — overall 74% (21110/28380 MB)
[10:10:14] [32/38] SCP VID_20241104_111111.mp4 (1686.2 MB) — starting...
[10:13:03] [32/38] SCP done in 2.8 min (10.0 MB/s) — attaching...
[10:13:35] Attached media id=159 path=page_sections/videos/tbpledge_6ab4aa68dd9cd9.05198409_VID_20241104_111111.mp4 size=1768141055
DONE videos=32
[10:13:35] [32/38] COMPLETE — overall 80% (22796/28380 MB)
[10:13:35] [33/38] SCP VID_20241113_104207.mp4 (1132.0 MB) — starting...
[10:15:54] [33/38] SCP done in 2.3 min (8.2 MB/s) — attaching...
[10:16:36] Attached media id=160 path=page_sections/videos/tbpledge_6ab4ab1e8316c1.43400688_VID_20241113_104207.mp4 size=1186942781
DONE videos=33
[10:16:36] [33/38] COMPLETE — overall 84% (23928/28380 MB)
[10:16:36] [34/38] SCP VID_20241122_105833.mp4 (1156.3 MB) — starting...
[10:18:35] [34/38] SCP done in 2.0 min (9.7 MB/s) — attaching...
[10:19:01] Attached media id=161 path=page_sections/videos/tbpledge_6ab4abb4973355.86520602_VID_20241122_105833.mp4 size=1212421692
DONE videos=34
[10:19:01] [34/38] COMPLETE — overall 88% (25085/28380 MB)
[10:19:01] [35/38] SCP VID_20241130_104303.mp4 (1150.1 MB) — starting...
[10:21:08] [35/38] SCP done in 2.1 min (9.0 MB/s) — attaching...
[10:21:48] Attached media id=163 path=page_sections/videos/tbpledge_6ab4ac565ed929.02440438_VID_20241130_104303.mp4 size=1205974139
DONE videos=35
[10:21:48] [35/38] COMPLETE — overall 92% (26235/28380 MB)
[10:21:48] [36/38] SCP VID_20241213_101128.mp4 (727.1 MB) — starting...
[10:23:10] [36/38] SCP done in 1.4 min (8.8 MB/s) — attaching...
[10:23:29] Attached media id=164 path=page_sections/videos/tbpledge_6ab4acc79554b9.88711521_VID_20241213_101128.mp4 size=762441512
DONE videos=36
[10:23:29] [36/38] COMPLETE — overall 95% (26962/28380 MB)
[10:23:29] [37/38] SCP VID_20241218_104504.mp4 (1330.9 MB) — starting...
[10:25:38] [37/38] SCP done in 2.1 min (10.4 MB/s) — attaching...
[10:26:07] Attached media id=165 path=page_sections/videos/tbpledge_6ab4ad5a5b81f2.67767133_VID_20241218_104504.mp4 size=1395586953
DONE videos=37
[10:26:07] [37/38] COMPLETE — overall 100% (28293/28380 MB)
[10:26:07] [38/38] SCP WhatsApp Video 2024-10-14 at 10.18.21.mp4 (87.6 MB) — starting...
[10:26:27] [38/38] SCP done in 0.3 min (4.4 MB/s) — attaching...
[10:26:47] Attached media id=166 path=page_sections/videos/tbpledge_6ab4ad90b5b344.60200943_WhatsApp_Video_2024-10-14_at_10.18.21.mp4 size=91813482
DONE videos=38
[10:26:47] [38/38] COMPLETE — overall 100% (28380/28380 MB)
[10:26:56] ALL DONE — TB Pledge videos uploaded.
