[18:55:27] ACSM section 69 — 20 videos, 9432.8 MB (9.21 GB) total
[18:55:27] [1/20] SCP 1. Minstry of  Ayush.mp4 (2.6 MB) — starting...
[18:55:41] [1/20] SCP done in 0.2 min (0.2 MB/s) — attaching...
[18:56:15] Attached media id=105 path=page_sections/videos/acsm_6ab3d37819b354.22502326_1._Minstry_of_Ayush.mp4 size=2718191
DONE videos=1
[18:56:15] [1/20] COMPLETE — overall 0% (3/9433 MB)
[18:56:15] [2/20] SCP 2..mp4 (5.9 MB) — starting...
[18:56:28] [2/20] SCP done in 0.2 min (0.5 MB/s) — attaching...
[18:56:55] Attached media id=106 path=page_sections/videos/acsm_6ab3d39fc518d8.62756343_2..mp4 size=6142773
DONE videos=2
[18:56:55] [2/20] COMPLETE — overall 0% (8/9433 MB)
[18:56:55] [3/20] SCP 3. Minstry of  Ayush_Doorderson_1.mp4 (9.5 MB) — starting...
[18:57:09] [3/20] SCP done in 0.2 min (0.7 MB/s) — attaching...
[18:57:36] Attached media id=107 path=page_sections/videos/acsm_6ab3d3c89e1da7.42953851_3._Minstry_of_Ayush_Doorderson_1.mp4 size=9975156
DONE videos=3
[18:57:36] [3/20] COMPLETE — overall 0% (18/9433 MB)
[18:57:36] [4/20] SCP 4..mp4 (5.7 MB) — starting...
[18:57:49] [4/20] SCP done in 0.2 min (0.4 MB/s) — attaching...
[18:58:13] Attached media id=108 path=page_sections/videos/acsm_6ab3d3ee7cfd93.11040575_4..mp4 size=5929121
DONE videos=4
[18:58:13] [4/20] COMPLETE — overall 0% (24/9433 MB)
[18:58:13] [5/20] SCP 5. 20260128_104946_DAY-1-F.mp4 (2986.6 MB) — starting...
[18:58:54] SCP FAILED for 5. 20260128_104946_DAY-1-F.mp4
[19:02:05] ACSM section 69 — 20 videos, 9432.8 MB (9.21 GB) total
[19:02:05] SKIP [1/20] already done: 1. Minstry of  Ayush.mp4
[19:02:05] SKIP [2/20] already done: 2..mp4
[19:02:05] SKIP [3/20] already done: 3. Minstry of  Ayush_Doorderson_1.mp4
[19:02:05] SKIP [4/20] already done: 4..mp4
[19:02:05] [5/20] SCP 5. 20260128_104946_DAY-1-F.mp4 (2986.6 MB) — starting...
[19:07:50] [5/20] SCP done in 5.8 min (8.6 MB/s) — attaching...
[19:09:20] Attached media id=109 path=page_sections/videos/acsm_6ab3d6486e7416.97837841_5._20260128_104946_DAY-1-F.mp4 size=3131671656
DONE videos=5
[19:09:20] [5/20] COMPLETE — overall 32% (3010/9433 MB)
[19:09:20] [6/20] SCP 6..mp4 (6.7 MB) — starting...
[19:09:30] [6/20] SCP done in 0.2 min (0.7 MB/s) — attaching...
[19:09:47] Attached media id=110 path=page_sections/videos/acsm_6ab3d6a4224966.10813703_6..mp4 size=7030329
DONE videos=6
[19:09:47] [6/20] COMPLETE — overall 32% (3017/9433 MB)
[19:09:47] [7/20] SCP 7..mp4 (4.4 MB) — starting...
[19:09:55] [7/20] SCP done in 0.1 min (0.5 MB/s) — attaching...
[19:10:26] Attached media id=111 path=page_sections/videos/acsm_6ab3d6cb0cbe23.80963872_7..mp4 size=4572408
DONE videos=7
[19:10:26] [7/20] COMPLETE — overall 32% (3021/9433 MB)
[19:10:26] [8/20] SCP 8..mp4 (5.6 MB) — starting...
[19:10:39] [8/20] SCP done in 0.2 min (0.4 MB/s) — attaching...
[19:11:08] Attached media id=112 path=page_sections/videos/acsm_6ab3d6f52cc016.61836212_8..mp4 size=5863833
DONE videos=8
[19:11:08] [8/20] COMPLETE — overall 32% (3027/9433 MB)
[19:11:08] [9/20] SCP 9..mp4 (13.4 MB) — starting...
[19:11:27] [9/20] SCP done in 0.3 min (0.7 MB/s) — attaching...
[19:11:47] Attached media id=113 path=page_sections/videos/acsm_6ab3d71c30cc49.75849779_9..mp4 size=14006056
DONE videos=9
[19:11:47] [9/20] COMPLETE — overall 32% (3040/9433 MB)
[19:11:47] [10/20] SCP 10. Traning Video Uploaded.mp4 (51.5 MB) — starting...
[19:12:04] [10/20] SCP done in 0.3 min (3.1 MB/s) — attaching...
[19:12:31] Attached media id=114 path=page_sections/videos/acsm_6ab3d7464de8f6.10103540_10._Traning_Video_Uploaded.mp4 size=54018430
DONE videos=10
[19:12:31] [10/20] COMPLETE — overall 33% (3092/9433 MB)
[19:12:31] [11/20] SCP 11. End LTB campaign_1.mp4 (16.2 MB) — starting...
[19:12:41] [11/20] SCP done in 0.2 min (1.6 MB/s) — attaching...
[19:12:58] Attached media id=115 path=page_sections/videos/acsm_6ab3d76331f9c4.64000323_11._End_LTB_campaign_1.mp4 size=17004712
DONE videos=11
[19:12:58] [11/20] COMPLETE — overall 33% (3108/9433 MB)
[19:12:58] [12/20] SCP 12. End LTB campaign_2.mp4 (7.9 MB) — starting...
[19:13:13] [12/20] SCP done in 0.2 min (0.5 MB/s) — attaching...
[19:13:30] Attached media id=116 path=page_sections/videos/acsm_6ab3d783687804.23214764_12._End_LTB_campaign_2.mp4 size=8278032
DONE videos=12
[19:13:30] [12/20] COMPLETE — overall 33% (3116/9433 MB)
[19:13:30] [13/20] SCP 13. End LTB campaign_3.mp4 (6.5 MB) — starting...
[19:13:40] [13/20] SCP done in 0.2 min (0.7 MB/s) — attaching...
[19:13:55] Attached media id=117 path=page_sections/videos/acsm_6ab3d79c431256.13376414_13._End_LTB_campaign_3.mp4 size=6863397
DONE videos=13
[19:13:55] [13/20] COMPLETE — overall 33% (3122/9433 MB)
[19:13:55] [14/20] SCP 14..mp4 (2078.7 MB) — starting...
[19:17:42] [14/20] SCP done in 3.8 min (9.1 MB/s) — attaching...
[19:18:50] Attached media id=118 path=page_sections/videos/acsm_6ab3d89903c2f1.75256379_14..mp4 size=2179639699
DONE videos=14
[19:18:50] [14/20] COMPLETE — overall 55% (5201/9433 MB)
[19:18:50] [15/20] SCP 15..mp4 (3330.3 MB) — starting...
[19:24:56] [15/20] SCP done in 6.1 min (9.1 MB/s) — attaching...
[19:26:57] Attached media id=119 path=page_sections/videos/acsm_6ab3da55461ce8.13866161_15..mp4 size=3492038238
DONE videos=15
[19:26:57] [15/20] COMPLETE — overall 90% (8531/9433 MB)
[19:26:57] [16/20] SCP 16..mp4 (249.1 MB) — starting...
[19:27:36] [16/20] SCP done in 0.6 min (6.4 MB/s) — attaching...
[19:28:00] Attached media id=120 path=page_sections/videos/acsm_6ab3dae457def0.56882313_16..mp4 size=261160072
DONE videos=16
[19:28:00] [16/20] COMPLETE — overall 93% (8780/9433 MB)
[19:28:00] [17/20] SCP 17. Awareness Campaign under SNSPA.mp4 (600.7 MB) — starting...
[19:29:14] [17/20] SCP done in 1.2 min (8.1 MB/s) — attaching...
[19:29:45] Attached media id=121 path=page_sections/videos/acsm_6ab3db460829b4.12902760_17._Awareness_Campaign_under_SNSPA.mp4 size=629831972
DONE videos=17
[19:29:45] [17/20] COMPLETE — overall 99% (9381/9433 MB)
[19:29:45] [18/20] SCP 18..mp4 (0.7 MB) — starting...
[19:29:53] [18/20] SCP done in 0.1 min (0.1 MB/s) — attaching...
[19:30:26] Attached media id=122 path=page_sections/videos/acsm_6ab3db7b8f7833.68068395_18..mp4 size=773931
DONE videos=18
[19:30:26] [18/20] COMPLETE — overall 99% (9382/9433 MB)
[19:30:26] [19/20] SCP 19..mp4 (3.1 MB) — starting...
[19:30:40] [19/20] SCP done in 0.2 min (0.2 MB/s) — attaching...
[19:31:23] Attached media id=123 path=page_sections/videos/acsm_6ab3dbb431b168.42635462_19..mp4 size=3283188
DONE videos=19
[19:31:23] [19/20] COMPLETE — overall 99% (9385/9433 MB)
[19:31:23] [20/20] SCP 20..mp4 (47.9 MB) — starting...
[19:31:49] [20/20] SCP done in 0.4 min (1.8 MB/s) — attaching...
[19:32:18] Attached media id=124 path=page_sections/videos/acsm_6ab3dbe9e03ff4.30529574_20..mp4 size=50228587
DONE videos=20
[19:32:18] [20/20] COMPLETE — overall 100% (9433/9433 MB)
[19:32:42] ALL DONE — ACSM documentaries uploaded.
