[11:44:37] TB Pledge 2026 — 17 videos, 5814.7 MB, sort base 2000
[11:44:37] [1/17] 2026-01-28 10:43 | 6. 20260128_104344.mp4 (85.7 MB) sort=2001
[11:45:37] Attached id=217 sort=2001 size=89866975
DONE videos=79
[11:45:37] [1/17] COMPLETE — 1%
[11:45:37] [2/17] 2026-01-28 10:49 | 1. (a)_20260128_104946.mp4 (2986.6 MB) sort=2002
[11:52:22] Attached id=218 sort=2002 size=3131671656
DONE videos=80
[11:52:22] [2/17] COMPLETE — 53%
[11:52:22] [3/17] 2026-01-28 10:49 | 1.(b)_20260128_104957_Day-1.mp4 (2294.0 MB) sort=2003
[11:57:21] Attached id=219 sort=2003 size=2405467243
DONE videos=81
[11:57:21] [3/17] COMPLETE — 92%
[11:57:21] [4/17] 2026-01-28 11:21 | 7. 20260128_112108.mp4 (23.1 MB) sort=2004
[11:57:49] Attached id=230 sort=2004 size=24217450
DONE videos=82
[11:57:49] [4/17] COMPLETE — 93%
[11:57:49] [5/17] 2026-01-28 11:58 | 5. 20260128_115806.mp4 (95.0 MB) sort=2005
[11:58:24] Attached id=231 sort=2005 size=99636715
DONE videos=83
[11:58:24] [5/17] COMPLETE — 94%
[11:58:24] [6/17] 2026-01-28 12:12 | 4. 20260128_121246.mp4 (66.8 MB) sort=2006
[11:58:52] Attached id=232 sort=2006 size=70029381
DONE videos=84
[11:58:52] [6/17] COMPLETE — 95%
[11:58:52] [7/17] 2026-01-28 12:13 | 3. 20260128_121359.mp4 (37.0 MB) sort=2007
[11:59:20] Attached id=233 sort=2007 size=38787202
DONE videos=85
[11:59:20] [7/17] COMPLETE — 96%
[11:59:20] [8/17] 2026-03-17 10:42 | 11.(a)_20260317_104245.mp4 (23.3 MB) sort=2008
[11:59:45] Attached id=234 sort=2008 size=24395055
DONE videos=86
[11:59:45] [8/17] COMPLETE — 97%
[11:59:45] [9/17] 2026-03-19 10:22 | 12.(a)_20260319_102233.mp4 (14.4 MB) sort=2009
[12:00:14] Attached id=235 sort=2009 size=15049546
DONE videos=87
[12:00:14] [9/17] COMPLETE — 97%
[12:00:14] [10/17] 2026-03-19 10:29 | 13.(a)_20260319_102943.mp4 (25.6 MB) sort=2010
[12:00:58] Attached id=236 sort=2010 size=26801529
DONE videos=88
[12:00:58] [10/17] COMPLETE — 97%
[12:00:58] [11/17] 2026-03-20 00:00 | 14.(a)_VID-20260320-WA0110.mp4 (17.3 MB) sort=2011
[12:01:48] Attached id=237 sort=2011 size=18089526
DONE videos=89
[12:01:48] [11/17] COMPLETE — 97%
[12:01:48] [12/17] 2026-03-20 00:00 | 6. VID-20260320-WA0034.mp4 (14.0 MB) sort=2012
[12:02:23] Attached id=238 sort=2012 size=14672047
DONE videos=90
[12:02:23] [12/17] COMPLETE — 98%
[12:02:23] [13/17] 2026-03-21 00:00 | 15. VID-20260321-WA0007.mp4 (4.1 MB) sort=2013
[12:02:53] Attached id=239 sort=2013 size=4285753
DONE videos=91
[12:02:53] [13/17] COMPLETE — 98%
[12:02:53] [14/17] 2026-03-21 00:00 | 16. VID-20260321-WA0008.mp4 (6.8 MB) sort=2014
[12:03:29] Attached id=240 sort=2014 size=7165714
DONE videos=92
[12:03:29] [14/17] COMPLETE — 98%
[12:03:29] [15/17] 2026-03-21 00:00 | 8.(a)_VID-20260321-WA0013.mp4 (28.6 MB) sort=2015
[12:03:58] Attached id=241 sort=2015 size=29969685
DONE videos=93
[12:03:58] [15/17] COMPLETE — 98%
[12:03:58] [16/17] 2026-03-24 00:00 | 10. VID-20260324-WA0010.mp4 (44.7 MB) sort=2016
[12:04:24] Attached id=242 sort=2016 size=46820788
DONE videos=94
[12:04:24] [16/17] COMPLETE — 99%
[12:04:24] [17/17] 2026-03-24 00:00 | 9. VID-20260324-WA0011.mp4 (47.9 MB) sort=2017
[12:05:03] Attached id=243 sort=2017 size=50228587
DONE videos=95
[12:05:03] [17/17] COMPLETE — 100%
[12:05:21] ALL DONE — TB Pledge 2026 videos uploaded (after 2024 + 2025).
